{
  "version": "1.5.0",
  "plugins_used": [
    {
      "name": "ArtifactoryDetector"
    },
    {
      "name": "AWSKeyDetector"
    },
    {
      "name": "AzureStorageKeyDetector"
    },
    {
      "name": "Base64HighEntropyString",
      "limit": 4.5
    },
    {
      "name": "BasicAuthDetector"
    },
    {
      "name": "CloudantDetector"
    },
    {
      "name": "DiscordBotTokenDetector"
    },
    {
      "name": "GitHubTokenDetector"
    },
    {
      "name": "GitLabTokenDetector"
    },
    {
      "name": "HexHighEntropyString",
      "limit": 3.0
    },
    {
      "name": "IbmCloudIamDetector"
    },
    {
      "name": "IbmCosHmacDetector"
    },
    {
      "name": "IPPublicDetector"
    },
    {
      "name": "JwtTokenDetector"
    },
    {
      "name": "KeywordDetector",
      "keyword_exclude": ""
    },
    {
      "name": "MailchimpDetector"
    },
    {
      "name": "NpmDetector"
    },
    {
      "name": "OpenAIDetector"
    },
    {
      "name": "PrivateKeyDetector"
    },
    {
      "name": "PypiTokenDetector"
    },
    {
      "name": "SendGridDetector"
    },
    {
      "name": "SlackDetector"
    },
    {
      "name": "SoftlayerDetector"
    },
    {
      "name": "SquareOAuthDetector"
    },
    {
      "name": "StripeDetector"
    },
    {
      "name": "TelegramBotTokenDetector"
    },
    {
      "name": "TwilioKeyDetector"
    }
  ],
  "filters_used": [
    {
      "path": "detect_secrets.filters.allowlist.is_line_allowlisted"
    },
    {
      "path": "detect_secrets.filters.common.is_ignored_due_to_verification_policies",
      "min_level": 2
    },
    {
      "path": "detect_secrets.filters.heuristic.is_indirect_reference"
    },
    {
      "path": "detect_secrets.filters.heuristic.is_likely_id_string"
    },
    {
      "path": "detect_secrets.filters.heuristic.is_lock_file"
    },
    {
      "path": "detect_secrets.filters.heuristic.is_not_alphanumeric_string"
    },
    {
      "path": "detect_secrets.filters.heuristic.is_potential_uuid"
    },
    {
      "path": "detect_secrets.filters.heuristic.is_prefixed_with_dollar_sign"
    },
    {
      "path": "detect_secrets.filters.heuristic.is_sequential_string"
    },
    {
      "path": "detect_secrets.filters.heuristic.is_swagger_file"
    },
    {
      "path": "detect_secrets.filters.heuristic.is_templated_secret"
    },
    {
      "path": "detect_secrets.filters.regex.should_exclude_file",
      "pattern": [
        "(^|[\\\\/])(node_modules|out|dist|coverage|htmlcov|\\.git|\\.venv|\\.pytest_cache|__pycache__)([\\\\/]|$)|^\\.secrets\\.baseline$"
      ]
    }
  ],
  "results": {
    "apps\\desktop\\src\\oauth2_providers.py": [
      {
        "type": "Secret Keyword",
        "filename": "apps\\desktop\\src\\oauth2_providers.py",
        "hashed_secret": "8c3bfae549aef9b309bbef7880d1668369ee8e50",
        "is_verified": false,
        "line_number": 44
      }
    ],
    "apps\\desktop\\tests\\test_advanced_device_communication.py": [
      {
        "type": "Hex High Entropy String",
        "filename": "apps\\desktop\\tests\\test_advanced_device_communication.py",
        "hashed_secret": "90bd1b48e958257948487b90bee080ba5ed00caa",
        "is_verified": false,
        "line_number": 312
      }
    ],
    "apps\\desktop\\tests\\test_advanced_transcription_ai.py": [
      {
        "type": "Secret Keyword",
        "filename": "apps\\desktop\\tests\\test_advanced_transcription_ai.py",
        "hashed_secret": "9dacebdf0271b2f633cd4f29e20d74cfe3f8bb47",
        "is_verified": false,
        "line_number": 206
      },
      {
        "type": "Secret Keyword",
        "filename": "apps\\desktop\\tests\\test_advanced_transcription_ai.py",
        "hashed_secret": "09a4e987a4a19546f6f836bab1fbd1e7c388f4f1",
        "is_verified": false,
        "line_number": 207
      },
      {
        "type": "Secret Keyword",
        "filename": "apps\\desktop\\tests\\test_advanced_transcription_ai.py",
        "hashed_secret": "1aec9b998f2a1d9fbea5a63e3992c9c5eb58b5d6",
        "is_verified": false,
        "line_number": 208
      }
    ],
    "apps\\desktop\\tests\\test_ai_service.py": [
      {
        "type": "Secret Keyword",
        "filename": "apps\\desktop\\tests\\test_ai_service.py",
        "hashed_secret": "b5234250769289dc710687ee6983ff852b55cacd",
        "is_verified": false,
        "line_number": 61
      },
      {
        "type": "Secret Keyword",
        "filename": "apps\\desktop\\tests\\test_ai_service.py",
        "hashed_secret": "95cfb33d5e102631e226e7ff9da4b17d6ba5f3e4",
        "is_verified": false,
        "line_number": 165
      },
      {
        "type": "Secret Keyword",
        "filename": "apps\\desktop\\tests\\test_ai_service.py",
        "hashed_secret": "cd55f76cc19db1f5ade150ee7bae3affabcf0a00",
        "is_verified": false,
        "line_number": 207
      }
    ],
    "apps\\desktop\\tests\\test_ai_service_focused.py": [
      {
        "type": "Secret Keyword",
        "filename": "apps\\desktop\\tests\\test_ai_service_focused.py",
        "hashed_secret": "b5234250769289dc710687ee6983ff852b55cacd",
        "is_verified": false,
        "line_number": 64
      },
      {
        "type": "Secret Keyword",
        "filename": "apps\\desktop\\tests\\test_ai_service_focused.py",
        "hashed_secret": "95cfb33d5e102631e226e7ff9da4b17d6ba5f3e4",
        "is_verified": false,
        "line_number": 94
      },
      {
        "type": "Secret Keyword",
        "filename": "apps\\desktop\\tests\\test_ai_service_focused.py",
        "hashed_secret": "00942f4668670f34c5943cf52c7ef3139fe2b8d6",
        "is_verified": false,
        "line_number": 190
      }
    ],
    "apps\\desktop\\tests\\test_file_status_and_api_key_fixes.py": [
      {
        "type": "Secret Keyword",
        "filename": "apps\\desktop\\tests\\test_file_status_and_api_key_fixes.py",
        "hashed_secret": "b12d4274ce3c0fdc19d2a420f29a9593208f3412",
        "is_verified": false,
        "line_number": 235
      }
    ],
    "apps\\desktop\\tests\\test_gui_main_window.py": [
      {
        "type": "Secret Keyword",
        "filename": "apps\\desktop\\tests\\test_gui_main_window.py",
        "hashed_secret": "f7a75342741955b2b9b66b55a78e5061f321ff44",
        "is_verified": false,
        "line_number": 147
      }
    ],
    "apps\\desktop\\tests\\test_transcription_module.py": [
      {
        "type": "Secret Keyword",
        "filename": "apps\\desktop\\tests\\test_transcription_module.py",
        "hashed_secret": "00942f4668670f34c5943cf52c7ef3139fe2b8d6",
        "is_verified": false,
        "line_number": 105
      }
    ]
  },
  "generated_at": "2026-09-16T12:18:49Z"
}
